EN obufe_mxilinx_rgb_latch NULL /home/pdsilva/Projects/A_VGA_Xilinx1/graka/rgb_latch.vhf sub00/vhpl48 1733346044
EN cb8ce_mxilinx_hvlogik NULL /home/pdsilva/Projects/A_VGA_Xilinx1/graka/HVLogik.vhf sub00/vhpl02 1733345998
AR addrmux16 behavioral /home/pdsilva/Projects/A_VGA_Xilinx1/graka/addrmux16.vhf sub00/vhpl45 1733346041
AR obufe_mxilinx_rgb_latch behavioral /home/pdsilva/Projects/A_VGA_Xilinx1/graka/rgb_latch.vhf sub00/vhpl49 1733346045
EN m2_1_mxilinx_addrmux16 NULL /home/pdsilva/Projects/A_VGA_Xilinx1/graka/addrmux16.vhf sub00/vhpl40 1733346036
EN cb16ce_mxilinx_hcounter NULL /home/pdsilva/Projects/A_VGA_Xilinx1/graka/hcounter.vhf sub00/vhpl62 1733346058
EN rgb_latch_muser_graka NULL /home/pdsilva/Projects/A_VGA_Xilinx1/graka/graka.vhf sub00/vhpl30 1733346026
EN buf8_mxilinx_hcounter NULL /home/pdsilva/Projects/A_VGA_Xilinx1/graka/hcounter.vhf sub00/vhpl58 1733346054
EN addrmux16_muser_graka NULL /home/pdsilva/Projects/A_VGA_Xilinx1/graka/graka.vhf sub00/vhpl36 1733346032
AR addrmux_muser_addrmux16 behavioral /home/pdsilva/Projects/A_VGA_Xilinx1/graka/addrmux16.vhf sub00/vhpl43 1733346039
EN fd_mxilinx_rgb_latch NULL /home/pdsilva/Projects/A_VGA_Xilinx1/graka/rgb_latch.vhf sub00/vhpl46 1733346042
EN ftce_mxilinx_hcounter NULL /home/pdsilva/Projects/A_VGA_Xilinx1/graka/hcounter.vhf sub00/vhpl60 1733346056
AR cb16ce_mxilinx_hcounter behavioral /home/pdsilva/Projects/A_VGA_Xilinx1/graka/hcounter.vhf sub00/vhpl63 1733346059
AR addrmux_muser_graka behavioral /home/pdsilva/Projects/A_VGA_Xilinx1/graka/graka.vhf sub00/vhpl35 1733346031
AR hcounter behavioral /home/pdsilva/Projects/A_VGA_Xilinx1/graka/hcounter.vhf sub00/vhpl65 1733346061
AR rgb_latch_muser_graka behavioral /home/pdsilva/Projects/A_VGA_Xilinx1/graka/graka.vhf sub00/vhpl31 1733346027
AR rgb_latch behavioral /home/pdsilva/Projects/A_VGA_Xilinx1/graka/rgb_latch.vhf sub00/vhpl51 1733346047
EN graka NULL /home/pdsilva/Projects/A_VGA_Xilinx1/graka/graka.vhf sub00/vhpl38 1733346034
AR obufe_mxilinx_graka behavioral /home/pdsilva/Projects/A_VGA_Xilinx1/graka/graka.vhf sub00/vhpl29 1733346025
AR ftce_mxilinx_hcounter behavioral /home/pdsilva/Projects/A_VGA_Xilinx1/graka/hcounter.vhf sub00/vhpl61 1733346057
EN addrmux16 NULL /home/pdsilva/Projects/A_VGA_Xilinx1/graka/addrmux16.vhf sub00/vhpl44 1733346040
AR cb16ce_mxilinx_hvlogik behavioral /home/pdsilva/Projects/A_VGA_Xilinx1/graka/HVLogik.vhf sub00/vhpl09 1733346005
EN addrmux_muser_addrmux16 NULL /home/pdsilva/Projects/A_VGA_Xilinx1/graka/addrmux16.vhf sub00/vhpl42 1733346038
EN rgb_latch NULL /home/pdsilva/Projects/A_VGA_Xilinx1/graka/rgb_latch.vhf sub00/vhpl50 1733346046
EN buf8_mxilinx_hvlogik NULL /home/pdsilva/Projects/A_VGA_Xilinx1/graka/HVLogik.vhf sub00/vhpl06 1733346002
EN fdc_mxilinx_graka NULL /home/pdsilva/Projects/A_VGA_Xilinx1/graka/graka.vhf sub00/vhpl20 1733346016
AR fdc_mxilinx_graka behavioral /home/pdsilva/Projects/A_VGA_Xilinx1/graka/graka.vhf sub00/vhpl21 1733346017
AR and8_mxilinx_hvlogik behavioral /home/pdsilva/Projects/A_VGA_Xilinx1/graka/HVLogik.vhf sub00/vhpl05 1733346001
AR buf8_mxilinx_hvlogik behavioral /home/pdsilva/Projects/A_VGA_Xilinx1/graka/HVLogik.vhf sub00/vhpl07 1733346003
EN hcounter_muser_hvlogik NULL /home/pdsilva/Projects/A_VGA_Xilinx1/graka/HVLogik.vhf sub00/vhpl10 1733346006
AR ftce_mxilinx_graka behavioral /home/pdsilva/Projects/A_VGA_Xilinx1/graka/graka.vhf sub00/vhpl23 1733346019
EN ftce_mxilinx_graka NULL /home/pdsilva/Projects/A_VGA_Xilinx1/graka/graka.vhf sub00/vhpl22 1733346018
EN and8_mxilinx_hcounter NULL /home/pdsilva/Projects/A_VGA_Xilinx1/graka/hcounter.vhf sub00/vhpl56 1733346052
EN hvlogik NULL /home/pdsilva/Projects/A_VGA_Xilinx1/graka/HVLogik.vhf sub00/vhpl12 1733346008
EN cb16ce_mxilinx_hvlogik NULL /home/pdsilva/Projects/A_VGA_Xilinx1/graka/HVLogik.vhf sub00/vhpl08 1733346004
EN m2_1_mxilinx_addrmux NULL /home/pdsilva/Projects/A_VGA_Xilinx1/graka/addrmux.vhf sub00/vhpl52 1733346048
EN cb4ce_mxilinx_graka NULL /home/pdsilva/Projects/A_VGA_Xilinx1/graka/graka.vhf sub00/vhpl24 1733346020
EN ftce_mxilinx_hvlogik NULL /home/pdsilva/Projects/A_VGA_Xilinx1/graka/HVLogik.vhf sub00/vhpl00 1733345996
EN addrmux NULL /home/pdsilva/Projects/A_VGA_Xilinx1/graka/addrmux.vhf sub00/vhpl54 1733346050
EN obufe_mxilinx_graka NULL /home/pdsilva/Projects/A_VGA_Xilinx1/graka/graka.vhf sub00/vhpl28 1733346024
AR m2_1_mxilinx_graka behavioral /home/pdsilva/Projects/A_VGA_Xilinx1/graka/graka.vhf sub00/vhpl33 1733346029
AR buf8_mxilinx_hcounter behavioral /home/pdsilva/Projects/A_VGA_Xilinx1/graka/hcounter.vhf sub00/vhpl59 1733346055
AR graka behavioral /home/pdsilva/Projects/A_VGA_Xilinx1/graka/graka.vhf sub00/vhpl39 1733346035
AR d2_4e_mxilinx_graka behavioral /home/pdsilva/Projects/A_VGA_Xilinx1/graka/graka.vhf sub00/vhpl27 1733346023
EN addrmux_muser_graka NULL /home/pdsilva/Projects/A_VGA_Xilinx1/graka/graka.vhf sub00/vhpl34 1733346030
EN and8_mxilinx_hvlogik NULL /home/pdsilva/Projects/A_VGA_Xilinx1/graka/HVLogik.vhf sub00/vhpl04 1733346000
EN fd_mxilinx_graka NULL /home/pdsilva/Projects/A_VGA_Xilinx1/graka/graka.vhf sub00/vhpl14 1733346010
AR hcounter_muser_hvlogik behavioral /home/pdsilva/Projects/A_VGA_Xilinx1/graka/HVLogik.vhf sub00/vhpl11 1733346007
EN d2_4e_mxilinx_graka NULL /home/pdsilva/Projects/A_VGA_Xilinx1/graka/graka.vhf sub00/vhpl26 1733346022
AR m2_1_mxilinx_addrmux behavioral /home/pdsilva/Projects/A_VGA_Xilinx1/graka/addrmux.vhf sub00/vhpl53 1733346049
AR addrmux behavioral /home/pdsilva/Projects/A_VGA_Xilinx1/graka/addrmux.vhf sub00/vhpl55 1733346051
EN m2_1_mxilinx_graka NULL /home/pdsilva/Projects/A_VGA_Xilinx1/graka/graka.vhf sub00/vhpl32 1733346028
AR addrmux16_muser_graka behavioral /home/pdsilva/Projects/A_VGA_Xilinx1/graka/graka.vhf sub00/vhpl37 1733346033
AR m2_1_mxilinx_addrmux16 behavioral /home/pdsilva/Projects/A_VGA_Xilinx1/graka/addrmux16.vhf sub00/vhpl41 1733346037
AR cb4ce_mxilinx_graka behavioral /home/pdsilva/Projects/A_VGA_Xilinx1/graka/graka.vhf sub00/vhpl25 1733346021
AR cb8ce_mxilinx_hvlogik behavioral /home/pdsilva/Projects/A_VGA_Xilinx1/graka/HVLogik.vhf sub00/vhpl03 1733345999
AR ftce_mxilinx_hvlogik behavioral /home/pdsilva/Projects/A_VGA_Xilinx1/graka/HVLogik.vhf sub00/vhpl01 1733345997
AR fd_mxilinx_graka behavioral /home/pdsilva/Projects/A_VGA_Xilinx1/graka/graka.vhf sub00/vhpl15 1733346011
AR bufe8_mxilinx_graka behavioral /home/pdsilva/Projects/A_VGA_Xilinx1/graka/graka.vhf sub00/vhpl19 1733346015
EN bufe8_mxilinx_graka NULL /home/pdsilva/Projects/A_VGA_Xilinx1/graka/graka.vhf sub00/vhpl18 1733346014
AR fd_mxilinx_rgb_latch behavioral /home/pdsilva/Projects/A_VGA_Xilinx1/graka/rgb_latch.vhf sub00/vhpl47 1733346043
EN fd8_mxilinx_graka NULL /home/pdsilva/Projects/A_VGA_Xilinx1/graka/graka.vhf sub00/vhpl16 1733346012
AR hvlogik behavioral /home/pdsilva/Projects/A_VGA_Xilinx1/graka/HVLogik.vhf sub00/vhpl13 1733346009
AR fd8_mxilinx_graka behavioral /home/pdsilva/Projects/A_VGA_Xilinx1/graka/graka.vhf sub00/vhpl17 1733346013
AR and8_mxilinx_hcounter behavioral /home/pdsilva/Projects/A_VGA_Xilinx1/graka/hcounter.vhf sub00/vhpl57 1733346053
EN hcounter NULL /home/pdsilva/Projects/A_VGA_Xilinx1/graka/hcounter.vhf sub00/vhpl64 1733346060
